[0.287s] DEBUG:colcon:Command line arguments: ['/usr/bin/colcon', 'build', '--packages-select', 'donkey_sim']
[0.288s] DEBUG:colcon:Parsed command line arguments: Namespace(log_base=None, log_level=None, verb_name='build', build_base='build', install_base='install', merge_install=False, symlink_install=False, test_result_base=None, continue_on_error=False, executor='parallel', parallel_workers=8, event_handlers=None, ignore_user_meta=False, metas=['./colcon.meta'], base_paths=['.'], packages_ignore=None, packages_ignore_regex=None, paths=None, packages_up_to=None, packages_up_to_regex=None, packages_above=None, packages_above_and_dependencies=None, packages_above_depth=None, packages_select_by_dep=None, packages_skip_by_dep=None, packages_skip_up_to=None, packages_select_build_failed=False, packages_skip_build_finished=False, packages_select_test_failures=False, packages_skip_test_passed=False, packages_select=['donkey_sim'], packages_skip=None, packages_select_regex=None, packages_skip_regex=None, packages_start=None, packages_end=None, cmake_args=None, cmake_target=None, cmake_target_skip_unavailable=False, cmake_clean_cache=False, cmake_clean_first=False, cmake_force_configure=False, ament_cmake_args=None, catkin_cmake_args=None, catkin_skip_building_tests=False, mixin_files=None, mixin=None, verb_parser=<colcon_mixin.mixin.mixin_argument.MixinArgumentDecorator object at 0xffffa0320d10>, verb_extension=<colcon_core.verb.build.BuildVerb object at 0xffffa141acc0>, main=<bound method BuildVerb.main of <colcon_core.verb.build.BuildVerb object at 0xffffa141acc0>>, mixin_verb=('build',))
[0.369s] Level 1:colcon.colcon_core.package_discovery:discover_packages(colcon_meta) check parameters
[0.370s] INFO:colcon.colcon_metadata.package_discovery.colcon_meta:Using configuration from '/root/.colcon/metadata/default/Gazebo.meta'
[0.370s] INFO:colcon.colcon_metadata.package_discovery.colcon_meta:Using configuration from '/root/.colcon/metadata/default/fastdds.meta'
[0.370s] INFO:colcon.colcon_metadata.package_discovery.colcon_meta:Using configuration from '/root/.colcon/metadata/default/fastrtps.meta'
[0.370s] Level 1:colcon.colcon_core.package_discovery:discover_packages(recursive) check parameters
[0.370s] Level 1:colcon.colcon_core.package_discovery:discover_packages(ignore) check parameters
[0.370s] Level 1:colcon.colcon_core.package_discovery:discover_packages(path) check parameters
[0.370s] Level 1:colcon.colcon_core.package_discovery:discover_packages(colcon_meta) discover
[0.370s] Level 1:colcon.colcon_core.package_discovery:discover_packages(recursive) discover
[0.371s] INFO:colcon.colcon_core.package_discovery:Crawling recursively for packages in '/workspaces/donkey_ros2/src/donkey_sim'
[0.371s] Level 1:colcon.colcon_core.package_identification:_identify(.) by extensions ['ignore', 'ignore_ament_install']
[0.371s] Level 1:colcon.colcon_core.package_identification:_identify(.) by extension 'ignore'
[0.371s] Level 1:colcon.colcon_core.package_identification:_identify(.) by extension 'ignore_ament_install'
[0.371s] Level 1:colcon.colcon_core.package_identification:_identify(.) by extensions ['colcon_pkg']
[0.371s] Level 1:colcon.colcon_core.package_identification:_identify(.) by extension 'colcon_pkg'
[0.371s] Level 1:colcon.colcon_core.package_identification:_identify(.) by extensions ['colcon_meta']
[0.371s] Level 1:colcon.colcon_core.package_identification:_identify(.) by extension 'colcon_meta'
[0.371s] Level 1:colcon.colcon_core.package_identification:_identify(.) by extensions ['ros']
[0.371s] Level 1:colcon.colcon_core.package_identification:_identify(.) by extension 'ros'
[0.391s] DEBUG:colcon.colcon_core.package_identification:Package '.' with type 'ros.ament_cmake' and name 'donkey_sim'
[0.391s] Level 1:colcon.colcon_core.package_discovery:discover_packages(recursive) using defaults
[0.391s] Level 1:colcon.colcon_core.package_discovery:discover_packages(ignore) discover
[0.391s] Level 1:colcon.colcon_core.package_discovery:discover_packages(ignore) using defaults
[0.391s] Level 1:colcon.colcon_core.package_discovery:discover_packages(path) discover
[0.392s] Level 1:colcon.colcon_core.package_discovery:discover_packages(path) using defaults
[0.427s] Level 5:colcon.colcon_core.verb:set package 'donkey_sim' build argument 'cmake_args' from command line to 'None'
[0.427s] Level 5:colcon.colcon_core.verb:set package 'donkey_sim' build argument 'cmake_target' from command line to 'None'
[0.427s] Level 5:colcon.colcon_core.verb:set package 'donkey_sim' build argument 'cmake_target_skip_unavailable' from command line to 'False'
[0.427s] Level 5:colcon.colcon_core.verb:set package 'donkey_sim' build argument 'cmake_clean_cache' from command line to 'False'
[0.427s] Level 5:colcon.colcon_core.verb:set package 'donkey_sim' build argument 'cmake_clean_first' from command line to 'False'
[0.427s] Level 5:colcon.colcon_core.verb:set package 'donkey_sim' build argument 'cmake_force_configure' from command line to 'False'
[0.427s] Level 5:colcon.colcon_core.verb:set package 'donkey_sim' build argument 'ament_cmake_args' from command line to 'None'
[0.427s] Level 5:colcon.colcon_core.verb:set package 'donkey_sim' build argument 'catkin_cmake_args' from command line to 'None'
[0.427s] Level 5:colcon.colcon_core.verb:set package 'donkey_sim' build argument 'catkin_skip_building_tests' from command line to 'False'
[0.427s] DEBUG:colcon.colcon_core.verb:Building package 'donkey_sim' with the following arguments: {'ament_cmake_args': None, 'build_base': '/workspaces/donkey_ros2/src/donkey_sim/build/donkey_sim', 'catkin_cmake_args': None, 'catkin_skip_building_tests': False, 'cmake_args': None, 'cmake_clean_cache': False, 'cmake_clean_first': False, 'cmake_force_configure': False, 'cmake_target': None, 'cmake_target_skip_unavailable': False, 'install_base': '/workspaces/donkey_ros2/src/donkey_sim/install/donkey_sim', 'merge_install': False, 'path': '/workspaces/donkey_ros2/src/donkey_sim', 'symlink_install': False, 'test_result_base': None}
[0.427s] INFO:colcon.colcon_core.executor:Executing jobs using 'parallel' executor
[0.428s] DEBUG:colcon.colcon_parallel_executor.executor.parallel:run_until_complete
[0.428s] INFO:colcon.colcon_ros.task.ament_cmake.build:Building ROS package in '/workspaces/donkey_ros2/src/donkey_sim' with build type 'ament_cmake'
[0.429s] INFO:colcon.colcon_cmake.task.cmake.build:Building CMake package in '/workspaces/donkey_ros2/src/donkey_sim'
[0.431s] INFO:colcon.colcon_core.plugin_system:Skipping extension 'colcon_core.shell.bat': Not used on non-Windows systems
[0.432s] INFO:colcon.colcon_core.shell:Skip shell extension 'powershell' for command environment: Not usable outside of PowerShell
[0.432s] DEBUG:colcon.colcon_core.shell:Skip shell extension 'dsv' for command environment
[0.461s] DEBUG:colcon.colcon_core.event_handler.log_command:Invoking command in '/workspaces/donkey_ros2/src/donkey_sim/build/donkey_sim': CMAKE_PREFIX_PATH=${CMAKE_PREFIX_PATH}:/workspaces/donkey_ros2/install/donkey_bringup:/opt/ros/jazzy /usr/bin/cmake /workspaces/donkey_ros2/src/donkey_sim -DCMAKE_INSTALL_PREFIX=/workspaces/donkey_ros2/src/donkey_sim/install/donkey_sim
[2.284s] DEBUG:colcon.colcon_core.event_handler.log_command:Invoked command in '/workspaces/donkey_ros2/src/donkey_sim/build/donkey_sim' returned '1': CMAKE_PREFIX_PATH=${CMAKE_PREFIX_PATH}:/workspaces/donkey_ros2/install/donkey_bringup:/opt/ros/jazzy /usr/bin/cmake /workspaces/donkey_ros2/src/donkey_sim -DCMAKE_INSTALL_PREFIX=/workspaces/donkey_ros2/src/donkey_sim/install/donkey_sim
[2.293s] Level 1:colcon.colcon_core.environment:create_environment_scripts_only(donkey_sim)
[2.298s] Level 1:colcon.colcon_core.environment:checking '/workspaces/donkey_ros2/src/donkey_sim/install/donkey_sim' for CMake module files
[2.299s] Level 1:colcon.colcon_core.environment:checking '/workspaces/donkey_ros2/src/donkey_sim/install/donkey_sim' for CMake config files
[2.299s] Level 1:colcon.colcon_core.environment:checking '/workspaces/donkey_ros2/src/donkey_sim/install/donkey_sim/bin'
[2.299s] Level 1:colcon.colcon_core.environment:checking '/workspaces/donkey_ros2/src/donkey_sim/install/donkey_sim/lib/pkgconfig/donkey_sim.pc'
[2.300s] Level 1:colcon.colcon_core.environment:checking '/workspaces/donkey_ros2/src/donkey_sim/install/donkey_sim/lib/python3.12/site-packages'
[2.301s] Level 1:colcon.colcon_core.environment:checking '/workspaces/donkey_ros2/src/donkey_sim/install/donkey_sim/bin'
[2.301s] INFO:colcon.colcon_core.shell:Creating package script '/workspaces/donkey_ros2/src/donkey_sim/install/donkey_sim/share/donkey_sim/package.ps1'
[2.303s] INFO:colcon.colcon_core.shell:Creating package descriptor '/workspaces/donkey_ros2/src/donkey_sim/install/donkey_sim/share/donkey_sim/package.dsv'
[2.304s] INFO:colcon.colcon_core.shell:Creating package script '/workspaces/donkey_ros2/src/donkey_sim/install/donkey_sim/share/donkey_sim/package.sh'
[2.304s] INFO:colcon.colcon_core.shell:Creating package script '/workspaces/donkey_ros2/src/donkey_sim/install/donkey_sim/share/donkey_sim/package.bash'
[2.305s] INFO:colcon.colcon_core.shell:Creating package script '/workspaces/donkey_ros2/src/donkey_sim/install/donkey_sim/share/donkey_sim/package.zsh'
[2.306s] Level 1:colcon.colcon_core.environment:create_file_with_runtime_dependencies(/workspaces/donkey_ros2/src/donkey_sim/install/donkey_sim/share/colcon-core/packages/donkey_sim)
[2.317s] DEBUG:colcon.colcon_parallel_executor.executor.parallel:closing loop
[2.318s] DEBUG:colcon.colcon_parallel_executor.executor.parallel:loop closed
[2.318s] DEBUG:colcon.colcon_parallel_executor.executor.parallel:run_until_complete finished with '1'
[2.318s] DEBUG:colcon.colcon_core.event_reactor:joining thread
[2.328s] INFO:colcon.colcon_core.plugin_system:Skipping extension 'colcon_notification.desktop_notification.notify_send': Could not find 'notify-send'
[2.328s] INFO:colcon.colcon_core.plugin_system:Skipping extension 'colcon_notification.desktop_notification.terminal_notifier': Not used on non-Darwin systems
[2.328s] INFO:colcon.colcon_core.plugin_system:Skipping extension 'colcon_notification.desktop_notification.win32': Not used on non-Windows systems
[2.328s] INFO:colcon.colcon_notification.desktop_notification:Sending desktop notification using 'notify2'
[2.330s] DEBUG:colcon.colcon_notification.desktop_notification.notify2:Failed to initialize notify2: org.freedesktop.DBus.Error.InvalidFileContent: D-Bus library appears to be incorrectly set up: see the manual page for dbus-uuidgen to correct this issue. (Failed to open "/var/lib/dbus/machine-id": No such file or directory; UUID file '/etc/machine-id' should contain a hex string of length 32, not length 0, with no other text)
[2.330s] DEBUG:colcon.colcon_core.event_reactor:joined thread
[2.330s] INFO:colcon.colcon_core.shell:Creating prefix script '/workspaces/donkey_ros2/src/donkey_sim/install/local_setup.ps1'
[2.333s] INFO:colcon.colcon_core.shell:Creating prefix util module '/workspaces/donkey_ros2/src/donkey_sim/install/_local_setup_util_ps1.py'
[2.335s] INFO:colcon.colcon_core.shell:Creating prefix chain script '/workspaces/donkey_ros2/src/donkey_sim/install/setup.ps1'
[2.337s] INFO:colcon.colcon_core.shell:Creating prefix script '/workspaces/donkey_ros2/src/donkey_sim/install/local_setup.sh'
[2.339s] INFO:colcon.colcon_core.shell:Creating prefix util module '/workspaces/donkey_ros2/src/donkey_sim/install/_local_setup_util_sh.py'
[2.341s] INFO:colcon.colcon_core.shell:Creating prefix chain script '/workspaces/donkey_ros2/src/donkey_sim/install/setup.sh'
[2.343s] INFO:colcon.colcon_core.shell:Creating prefix script '/workspaces/donkey_ros2/src/donkey_sim/install/local_setup.bash'
[2.343s] INFO:colcon.colcon_core.shell:Creating prefix chain script '/workspaces/donkey_ros2/src/donkey_sim/install/setup.bash'
[2.345s] INFO:colcon.colcon_core.shell:Creating prefix script '/workspaces/donkey_ros2/src/donkey_sim/install/local_setup.zsh'
[2.346s] INFO:colcon.colcon_core.shell:Creating prefix chain script '/workspaces/donkey_ros2/src/donkey_sim/install/setup.zsh'
