[0.029s] Invoking command in '/workspaces/donkey_ros2/src/donkey_sim/build/donkey_sim': CMAKE_PREFIX_PATH=${CMAKE_PREFIX_PATH}:/workspaces/donkey_ros2/install/donkey_bringup:/opt/ros/jazzy /usr/bin/cmake /workspaces/donkey_ros2/src/donkey_sim -DCMAKE_INSTALL_PREFIX=/workspaces/donkey_ros2/src/donkey_sim/install/donkey_sim
[0.484s] -- The C compiler identification is GNU 13.3.0
[0.722s] -- The CXX compiler identification is GNU 13.3.0
[0.748s] -- Detecting C compiler ABI info
[0.928s] -- Detecting C compiler ABI info - done
[0.940s] -- Check for working C compiler: /usr/bin/cc - skipped
[0.941s] -- Detecting C compile features
[0.941s] -- Detecting C compile features - done
[0.950s] -- Detecting CXX compiler ABI info
[1.041s] -- Detecting CXX compiler ABI info - done
[1.058s] -- Check for working CXX compiler: /usr/bin/c++ - skipped
[1.058s] -- Detecting CXX compile features
[1.058s] -- Detecting CXX compile features - done
[1.092s] -- Found ament_cmake: 2.5.6 (/opt/ros/jazzy/share/ament_cmake/cmake)
[1.218s] -- Found Python3: /usr/bin/python3 (found version "3.12.3") found components: Interpreter 
[1.361s] -- Found rclcpp: 28.1.18 (/opt/ros/jazzy/share/rclcpp/cmake)
[1.438s] -- Found rosidl_generator_c: 4.6.7 (/opt/ros/jazzy/share/rosidl_generator_c/cmake)
[1.460s] -- Found rosidl_generator_cpp: 4.6.7 (/opt/ros/jazzy/share/rosidl_generator_cpp/cmake)
[1.493s] -- Using all available rosidl_typesupport_c: rosidl_typesupport_fastrtps_c;rosidl_typesupport_introspection_c
[1.524s] -- Using all available rosidl_typesupport_cpp: rosidl_typesupport_fastrtps_cpp;rosidl_typesupport_introspection_cpp
[1.640s] -- Found rmw_implementation_cmake: 7.3.3 (/opt/ros/jazzy/share/rmw_implementation_cmake/cmake)
[1.645s] -- Found rmw_fastrtps_cpp: 8.4.3 (/opt/ros/jazzy/share/rmw_fastrtps_cpp/cmake)
[1.719s] -- Found OpenSSL: /usr/lib/aarch64-linux-gnu/libcrypto.so (found version "3.0.13")  
[1.727s] -- Found FastRTPS: /opt/ros/jazzy/include (Required is at least version "2.13") 
[1.740s] -- Using RMW implementation 'rmw_fastrtps_cpp' as default
[1.838s] [31mCMake Error at CMakeLists.txt:11 (find_package):
[1.839s]   By not providing "Findros_gz_sim.cmake" in CMAKE_MODULE_PATH this project
[1.839s]   has asked CMake to find a package configuration file provided by
[1.839s]   "ros_gz_sim", but CMake did not find one.
[1.840s] 
[1.846s]   Could not find a package configuration file provided by "ros_gz_sim" with
[1.847s]   any of the following names:
[1.847s] 
[1.847s]     ros_gz_simConfig.cmake
[1.847s]     ros_gz_sim-config.cmake
[1.847s] 
[1.848s]   Add the installation prefix of "ros_gz_sim" to CMAKE_PREFIX_PATH or set
[1.848s]   "ros_gz_sim_DIR" to a directory containing one of the above files.  If
[1.848s]   "ros_gz_sim" provides a separate development package or SDK, be sure it has
[1.848s]   been installed.
[1.848s] 
[1.848s] [0m
[1.848s] -- Configuring incomplete, errors occurred!
[1.852s] Invoked command in '/workspaces/donkey_ros2/src/donkey_sim/build/donkey_sim' returned '1': CMAKE_PREFIX_PATH=${CMAKE_PREFIX_PATH}:/workspaces/donkey_ros2/install/donkey_bringup:/opt/ros/jazzy /usr/bin/cmake /workspaces/donkey_ros2/src/donkey_sim -DCMAKE_INSTALL_PREFIX=/workspaces/donkey_ros2/src/donkey_sim/install/donkey_sim
